carview 0 fin init
carview 1 fin init
trackview fin init
carview 0 initGL (600, 400)
GL_MODELVIEW_STACK_DEPTH: 1
carview 0 init pov (600, 400)
carview 1 initGL (600, 321)
GL_MODELVIEW_STACK_DEPTH: 1
carview 1 init pov (600, 321)
trackview initGL (600, 0)
GL_MODELVIEW_STACK_DEPTH: 1
trackview init pov (600, 0)
